
Gurobi 13.0.2 (linux64, C++) logging started Mon Jul  6 23:27:27 2026

Set parameter WLSAccessID
Set parameter WLSSecret
Set parameter LicenseID to value 2835792
Set parameter LogFile to value "nominale.log"
Academic license 2835792 - for non-commercial use only - registered to da___@studenti.unipd.it

Gurobi 13.0.2 (linux64, C++) logging started Mon Jul  6 23:29:39 2026

Set parameter WLSAccessID
Set parameter WLSSecret
Set parameter LicenseID to value 2835792
Set parameter LogFile to value "nominale.log"
Academic license 2835792 - for non-commercial use only - registered to da___@studenti.unipd.it

Gurobi 13.0.2 (linux64, C++) logging started Mon Jul  6 23:32:35 2026

Set parameter WLSAccessID
Set parameter WLSSecret
Set parameter LicenseID to value 2835792
Set parameter LogFile to value "nominale.log"
Academic license 2835792 - for non-commercial use only - registered to da___@studenti.unipd.it

Gurobi 13.0.2 (linux64, C++) logging started Mon Jul  6 23:33:03 2026

Set parameter WLSAccessID
Set parameter WLSSecret
Set parameter LicenseID to value 2835792
Set parameter LogFile to value "nominale.log"
Academic license 2835792 - for non-commercial use only - registered to da___@studenti.unipd.it

Gurobi 13.0.2 (linux64, C++) logging started Mon Jul  6 23:37:14 2026

Set parameter WLSAccessID
Set parameter WLSSecret
Set parameter LicenseID to value 2835792
Set parameter LogFile to value "nominale.log"
Academic license 2835792 - for non-commercial use only - registered to da___@studenti.unipd.it

Gurobi 13.0.2 (linux64, C++) logging started Mon Jul  6 23:39:19 2026

Set parameter WLSAccessID
Set parameter WLSSecret
Set parameter LicenseID to value 2835792
Set parameter LogFile to value "nominale.log"
Academic license 2835792 - for non-commercial use only - registered to da___@studenti.unipd.it

Gurobi 13.0.2 (linux64, C++) logging started Mon Jul  6 23:40:01 2026

Set parameter WLSAccessID
Set parameter WLSSecret
Set parameter LicenseID to value 2835792
Set parameter LogFile to value "nominale.log"
Academic license 2835792 - for non-commercial use only - registered to da___@studenti.unipd.it

Gurobi 13.0.2 (linux64, C++) logging started Mon Jul  6 23:42:28 2026

Set parameter WLSAccessID
Set parameter WLSSecret
Set parameter LicenseID to value 2835792
Set parameter LogFile to value "nominale.log"
Academic license 2835792 - for non-commercial use only - registered to da___@studenti.unipd.it

Gurobi 13.0.2 (linux64, C++) logging started Mon Jul  6 23:46:04 2026

Set parameter WLSAccessID
Set parameter WLSSecret
Set parameter LicenseID to value 2835792
Set parameter LogFile to value "nominale.log"
Academic license 2835792 - for non-commercial use only - registered to da___@studenti.unipd.it

Gurobi 13.0.2 (linux64, C++) logging started Mon Jul  6 23:46:23 2026

Set parameter WLSAccessID
Set parameter WLSSecret
Set parameter LicenseID to value 2835792
Set parameter LogFile to value "nominale.log"
Academic license 2835792 - for non-commercial use only - registered to da___@studenti.unipd.it

Gurobi 13.0.2 (linux64, C++) logging started Mon Jul  6 23:48:33 2026

Set parameter WLSAccessID
Set parameter WLSSecret
Set parameter LicenseID to value 2835792
Set parameter LogFile to value "nominale.log"
Academic license 2835792 - for non-commercial use only - registered to da___@studenti.unipd.it

Gurobi 13.0.2 (linux64, C++) logging started Sat Jul 18 00:16:57 2026

Set parameter WLSAccessID
Set parameter WLSSecret
Set parameter LicenseID to value 2835792
Set parameter LogFile to value "nominale.log"
Academic license 2835792 - for non-commercial use only - registered to da___@studenti.unipd.it

Gurobi 13.0.2 (linux64, C++) logging started Sat Jul 18 00:22:09 2026

Set parameter WLSAccessID
Set parameter WLSSecret
Set parameter LicenseID to value 2835792
Set parameter LogFile to value "nominale.log"
Academic license 2835792 - for non-commercial use only - registered to da___@studenti.unipd.it

Gurobi 13.0.2 (linux64, C++) logging started Sat Jul 18 00:31:00 2026

Set parameter WLSAccessID
Set parameter WLSSecret
Set parameter LicenseID to value 2835792
Set parameter LogFile to value "nominale.log"
Academic license 2835792 - for non-commercial use only - registered to da___@studenti.unipd.it

Gurobi 13.0.2 (linux64, C++) logging started Sat Jul 18 00:31:30 2026

Set parameter WLSAccessID
Set parameter WLSSecret
Set parameter LicenseID to value 2835792
Set parameter LogFile to value "nominale.log"
Academic license 2835792 - for non-commercial use only - registered to da___@studenti.unipd.it

Gurobi 13.0.2 (linux64, C++) logging started Sat Jul 18 00:35:18 2026

Set parameter WLSAccessID
Set parameter WLSSecret
Set parameter LicenseID to value 2835792
Set parameter LogFile to value "nominale.log"
Academic license 2835792 - for non-commercial use only - registered to da___@studenti.unipd.it

Gurobi 13.0.2 (linux64, C++) logging started Sat Jul 18 00:37:02 2026

Set parameter WLSAccessID
Set parameter WLSSecret
Set parameter LicenseID to value 2835792
Set parameter LogFile to value "nominale.log"
Academic license 2835792 - for non-commercial use only - registered to da___@studenti.unipd.it

Gurobi 13.0.2 (linux64, C++) logging started Sat Jul 18 00:38:47 2026

Set parameter WLSAccessID
Set parameter WLSSecret
Set parameter LicenseID to value 2835792
Set parameter LogFile to value "nominale.log"
Academic license 2835792 - for non-commercial use only - registered to da___@studenti.unipd.it

Gurobi 13.0.2 (linux64, C++) logging started Sat Jul 18 00:54:09 2026

Set parameter WLSAccessID
Set parameter WLSSecret
Set parameter LicenseID to value 2835792
Set parameter LogFile to value "nominale.log"
Academic license 2835792 - for non-commercial use only - registered to da___@studenti.unipd.it

Gurobi 13.0.2 (linux64, C++) logging started Sat Jul 18 01:02:57 2026

Set parameter WLSAccessID
Set parameter WLSSecret
Set parameter LicenseID to value 2835792
Set parameter LogFile to value "nominale.log"
Academic license 2835792 - for non-commercial use only - registered to da___@studenti.unipd.it

Gurobi 13.0.2 (linux64, C++) logging started Sat Jul 18 01:03:34 2026

Set parameter WLSAccessID
Set parameter WLSSecret
Set parameter LicenseID to value 2835792
Set parameter LogFile to value "nominale.log"
Academic license 2835792 - for non-commercial use only - registered to da___@studenti.unipd.it

Gurobi 13.0.2 (linux64, C++) logging started Sat Jul 18 01:03:59 2026

Set parameter WLSAccessID
Set parameter WLSSecret
Set parameter LicenseID to value 2835792
Set parameter LogFile to value "nominale.log"
Academic license 2835792 - for non-commercial use only - registered to da___@studenti.unipd.it

Gurobi 13.0.2 (linux64, C++) logging started Sat Jul 18 17:09:09 2026

Set parameter WLSAccessID
Set parameter WLSSecret
Set parameter LicenseID to value 2835792
Set parameter LogFile to value "nominale.log"
Academic license 2835792 - for non-commercial use only - registered to da___@studenti.unipd.it

Gurobi 13.0.2 (linux64, C++) logging started Sat Jul 18 17:15:31 2026

Set parameter WLSAccessID
Set parameter WLSSecret
Set parameter LicenseID to value 2835792
Set parameter LogFile to value "nominale.log"
Academic license 2835792 - for non-commercial use only - registered to da___@studenti.unipd.it

Gurobi 13.0.2 (linux64, C++) logging started Sat Jul 18 19:14:43 2026

Set parameter WLSAccessID
Set parameter WLSSecret
Set parameter LicenseID to value 2835792
Set parameter LogFile to value "nominale.log"
Academic license 2835792 - for non-commercial use only - registered to da___@studenti.unipd.it
Gurobi Optimizer version 13.0.2 build v13.0.2rc1 (linux64 - "Ubuntu 24.04.3 LTS")

CPU model: 13th Gen Intel(R) Core(TM) i5-13420H, instruction set [SSE2|AVX|AVX2]
Thread count: 6 physical cores, 12 logical processors, using up to 12 threads

Academic license 2835792 - for non-commercial use only - registered to da___@studenti.unipd.it
Optimize a model with 610 rows, 600 columns and 2320 nonzeros (Min)
Model fingerprint: 0x74638ae7
Model has 300 linear objective coefficients
Variable types: 0 continuous, 600 integer (600 binary)
Coefficient statistics:
  Matrix range     [1e+00, 1e+00]
  Objective range  [1e+02, 2e+03]
  Bounds range     [1e+00, 1e+00]
  RHS range        [1e+00, 1e+00]

Presolve removed 610 rows and 600 columns
Presolve time: 0.02s
Presolve: All rows and columns removed

Explored 0 nodes (0 simplex iterations) in 0.04 seconds (0.01 work units)
Thread count was 1 (of 12 available processors)

Solution count 1: 3740 

Optimal solution found (tolerance 1.00e-04)
Best objective 3.740000000000e+03, best bound 3.740000000000e+03, gap 0.0000%

Gurobi 13.0.2 (linux64, C++) logging started Sat Jul 18 19:35:35 2026

Set parameter WLSAccessID
Set parameter WLSSecret
Set parameter LicenseID to value 2835792
Set parameter LogFile to value "nominale.log"
Academic license 2835792 - for non-commercial use only - registered to da___@studenti.unipd.it
Gurobi Optimizer version 13.0.2 build v13.0.2rc1 (linux64 - "Ubuntu 24.04.3 LTS")

CPU model: 13th Gen Intel(R) Core(TM) i5-13420H, instruction set [SSE2|AVX|AVX2]
Thread count: 6 physical cores, 12 logical processors, using up to 12 threads

Academic license 2835792 - for non-commercial use only - registered to da___@studenti.unipd.it
Optimize a model with 610 rows, 600 columns and 2320 nonzeros (Min)
Model fingerprint: 0x74638ae7
Model has 300 linear objective coefficients
Variable types: 0 continuous, 600 integer (600 binary)
Coefficient statistics:
  Matrix range     [1e+00, 1e+00]
  Objective range  [1e+02, 2e+03]
  Bounds range     [1e+00, 1e+00]
  RHS range        [1e+00, 1e+00]

Presolve removed 610 rows and 600 columns
Presolve time: 0.02s
Presolve: All rows and columns removed

Explored 0 nodes (0 simplex iterations) in 0.03 seconds (0.01 work units)
Thread count was 1 (of 12 available processors)

Solution count 1: 3740 

Optimal solution found (tolerance 1.00e-04)
Best objective 3.740000000000e+03, best bound 3.740000000000e+03, gap 0.0000%

Gurobi 13.0.2 (linux64, C++) logging started Mon Jul 20 18:34:32 2026

Set parameter WLSAccessID
Set parameter WLSSecret
Set parameter LicenseID to value 2835792
Set parameter LogFile to value "nominale.log"
Academic license 2835792 - for non-commercial use only - registered to da___@studenti.unipd.it
Gurobi Optimizer version 13.0.2 build v13.0.2rc1 (linux64 - "Ubuntu 24.04.3 LTS")

CPU model: 13th Gen Intel(R) Core(TM) i5-13420H, instruction set [SSE2|AVX|AVX2]
Thread count: 6 physical cores, 12 logical processors, using up to 12 threads

Academic license 2835792 - for non-commercial use only - registered to da___@studenti.unipd.it
Optimize a model with 610 rows, 600 columns and 2320 nonzeros (Min)
Model fingerprint: 0x74638ae7
Model has 300 linear objective coefficients
Variable types: 0 continuous, 600 integer (600 binary)
Coefficient statistics:
  Matrix range     [1e+00, 1e+00]
  Objective range  [1e+02, 2e+03]
  Bounds range     [1e+00, 1e+00]
  RHS range        [1e+00, 1e+00]

Presolve removed 610 rows and 600 columns
Presolve time: 0.03s
Presolve: All rows and columns removed

Explored 0 nodes (0 simplex iterations) in 0.04 seconds (0.01 work units)
Thread count was 1 (of 12 available processors)

Solution count 1: 3740 

Optimal solution found (tolerance 1.00e-04)
Best objective 3.740000000000e+03, best bound 3.740000000000e+03, gap 0.0000%

Gurobi 13.0.2 (linux64, C++) logging started Mon Jul 20 18:43:19 2026

Set parameter WLSAccessID
Set parameter WLSSecret
Set parameter LicenseID to value 2835792
Set parameter LogFile to value "nominale.log"
Academic license 2835792 - for non-commercial use only - registered to da___@studenti.unipd.it

Gurobi 13.0.2 (linux64, C++) logging started Mon Jul 20 18:43:54 2026

Set parameter WLSAccessID
Set parameter WLSSecret
Set parameter LicenseID to value 2835792
Set parameter LogFile to value "nominale.log"
Academic license 2835792 - for non-commercial use only - registered to da___@studenti.unipd.it
Gurobi Optimizer version 13.0.2 build v13.0.2rc1 (linux64 - "Ubuntu 24.04.3 LTS")

CPU model: 13th Gen Intel(R) Core(TM) i5-13420H, instruction set [SSE2|AVX|AVX2]
Thread count: 6 physical cores, 12 logical processors, using up to 12 threads

Academic license 2835792 - for non-commercial use only - registered to da___@studenti.unipd.it
Optimize a model with 610 rows, 600 columns and 2320 nonzeros (Min)
Model fingerprint: 0x74638ae7
Model has 300 linear objective coefficients
Variable types: 0 continuous, 600 integer (600 binary)
Coefficient statistics:
  Matrix range     [1e+00, 1e+00]
  Objective range  [1e+02, 2e+03]
  Bounds range     [1e+00, 1e+00]
  RHS range        [1e+00, 1e+00]

Presolve removed 610 rows and 600 columns
Presolve time: 0.02s
Presolve: All rows and columns removed

Explored 0 nodes (0 simplex iterations) in 0.02 seconds (0.01 work units)
Thread count was 1 (of 12 available processors)

Solution count 1: 3740 

Optimal solution found (tolerance 1.00e-04)
Best objective 3.740000000000e+03, best bound 3.740000000000e+03, gap 0.0000%

Gurobi 13.0.2 (linux64, C++) logging started Mon Jul 20 19:29:13 2026

Set parameter WLSAccessID
Set parameter WLSSecret
Set parameter LicenseID to value 2835792
Set parameter LogFile to value "nominale.log"
Academic license 2835792 - for non-commercial use only - registered to da___@studenti.unipd.it
Gurobi Optimizer version 13.0.2 build v13.0.2rc1 (linux64 - "Ubuntu 24.04.3 LTS")

CPU model: 13th Gen Intel(R) Core(TM) i5-13420H, instruction set [SSE2|AVX|AVX2]
Thread count: 6 physical cores, 12 logical processors, using up to 12 threads

Academic license 2835792 - for non-commercial use only - registered to da___@studenti.unipd.it
Optimize a model with 609 rows, 600 columns and 2300 nonzeros (Min)
Model fingerprint: 0x6437b9e5
Model has 300 linear objective coefficients
Variable types: 0 continuous, 600 integer (600 binary)
Coefficient statistics:
  Matrix range     [1e+00, 1e+00]
  Objective range  [1e+02, 2e+03]
  Bounds range     [1e+00, 1e+00]
  RHS range        [1e+00, 1e+00]

Presolve removed 609 rows and 600 columns
Presolve time: 0.01s
Presolve: All rows and columns removed

Explored 0 nodes (0 simplex iterations) in 0.02 seconds (0.01 work units)
Thread count was 1 (of 12 available processors)

Solution count 1: 3740 

Optimal solution found (tolerance 1.00e-04)
Best objective 3.740000000000e+03, best bound 3.740000000000e+03, gap 0.0000%

Gurobi 13.0.2 (linux64, C++) logging started Mon Jul 20 19:29:29 2026

Set parameter WLSAccessID
Set parameter WLSSecret
Set parameter LicenseID to value 2835792
Set parameter LogFile to value "nominale.log"
Academic license 2835792 - for non-commercial use only - registered to da___@studenti.unipd.it
Gurobi Optimizer version 13.0.2 build v13.0.2rc1 (linux64 - "Ubuntu 24.04.3 LTS")

CPU model: 13th Gen Intel(R) Core(TM) i5-13420H, instruction set [SSE2|AVX|AVX2]
Thread count: 6 physical cores, 12 logical processors, using up to 12 threads

Academic license 2835792 - for non-commercial use only - registered to da___@studenti.unipd.it
Optimize a model with 609 rows, 600 columns and 2300 nonzeros (Min)
Model fingerprint: 0x6437b9e5
Model has 300 linear objective coefficients
Variable types: 0 continuous, 600 integer (600 binary)
Coefficient statistics:
  Matrix range     [1e+00, 1e+00]
  Objective range  [1e+02, 2e+03]
  Bounds range     [1e+00, 1e+00]
  RHS range        [1e+00, 1e+00]

Presolve removed 609 rows and 600 columns
Presolve time: 0.01s
Presolve: All rows and columns removed

Explored 0 nodes (0 simplex iterations) in 0.01 seconds (0.01 work units)
Thread count was 1 (of 12 available processors)

Solution count 1: 3740 

Optimal solution found (tolerance 1.00e-04)
Best objective 3.740000000000e+03, best bound 3.740000000000e+03, gap 0.0000%

Gurobi 13.0.2 (linux64, C++) logging started Mon Jul 20 19:34:22 2026

Set parameter WLSAccessID
Set parameter WLSSecret
Set parameter LicenseID to value 2835792
Set parameter LogFile to value "nominale.log"
Academic license 2835792 - for non-commercial use only - registered to da___@studenti.unipd.it
Gurobi Optimizer version 13.0.2 build v13.0.2rc1 (linux64 - "Ubuntu 24.04.3 LTS")

CPU model: 13th Gen Intel(R) Core(TM) i5-13420H, instruction set [SSE2|AVX|AVX2]
Thread count: 6 physical cores, 12 logical processors, using up to 12 threads

Academic license 2835792 - for non-commercial use only - registered to da___@studenti.unipd.it
Optimize a model with 609 rows, 600 columns and 2300 nonzeros (Min)
Model fingerprint: 0x6437b9e5
Model has 300 linear objective coefficients
Variable types: 0 continuous, 600 integer (600 binary)
Coefficient statistics:
  Matrix range     [1e+00, 1e+00]
  Objective range  [1e+02, 2e+03]
  Bounds range     [1e+00, 1e+00]
  RHS range        [1e+00, 1e+00]

Presolve removed 609 rows and 600 columns
Presolve time: 0.01s
Presolve: All rows and columns removed

Explored 0 nodes (0 simplex iterations) in 0.02 seconds (0.01 work units)
Thread count was 1 (of 12 available processors)

Solution count 1: 3740 

Optimal solution found (tolerance 1.00e-04)
Best objective 3.740000000000e+03, best bound 3.740000000000e+03, gap 0.0000%
