
Gurobi 13.0.2 (linux64, C++) logging started Mon Jun 29 22:50:13 2026

Set parameter WLSAccessID
Set parameter WLSSecret
Set parameter LicenseID to value 2835792
Set parameter LogFile to value "gurobi.log"
Academic license 2835792 - for non-commercial use only - registered to da___@studenti.unipd.it
Gurobi Optimizer version 13.0.2 build v13.0.2rc1 (linux64 - "Ubuntu 24.04.3 LTS")

CPU model: 13th Gen Intel(R) Core(TM) i5-13420H, instruction set [SSE2|AVX|AVX2]
Thread count: 6 physical cores, 12 logical processors, using up to 12 threads

Academic license 2835792 - for non-commercial use only - registered to da___@studenti.unipd.it
Optimize a model with 1 rows, 2 columns and 2 nonzeros (Max)
Model fingerprint: 0x31e8eabe
Model has 2 linear objective coefficients
Coefficient statistics:
  Matrix range     [1e+00, 2e+00]
  Objective range  [1e+00, 1e+00]
  Bounds range     [0e+00, 0e+00]
  RHS range        [4e+00, 4e+00]

Presolve removed 1 rows and 2 columns
Presolve time: 0.01s
Presolve: All rows and columns removed
Iteration    Objective       Primal Inf.    Dual Inf.      Time
       0    4.0000000e+00   0.000000e+00   0.000000e+00      0s

Solved in 0 iterations and 0.02 seconds (0.00 work units)
Optimal objective  4.000000000e+00

Gurobi 13.0.2 (linux64, C++) logging started Mon Jun 29 22:53:39 2026

Set parameter WLSAccessID
Set parameter WLSSecret
Set parameter LicenseID to value 2835792
Set parameter LogFile to value "gurobi.log"
Academic license 2835792 - for non-commercial use only - registered to da___@studenti.unipd.it
Gurobi Optimizer version 13.0.2 build v13.0.2rc1 (linux64 - "Ubuntu 24.04.3 LTS")

CPU model: 13th Gen Intel(R) Core(TM) i5-13420H, instruction set [SSE2|AVX|AVX2]
Thread count: 6 physical cores, 12 logical processors, using up to 12 threads

Academic license 2835792 - for non-commercial use only - registered to da___@studenti.unipd.it
Optimize a model with 1 rows, 2 columns and 2 nonzeros (Max)
Model fingerprint: 0x31e8eabe
Model has 2 linear objective coefficients
Coefficient statistics:
  Matrix range     [1e+00, 2e+00]
  Objective range  [1e+00, 1e+00]
  Bounds range     [0e+00, 0e+00]
  RHS range        [4e+00, 4e+00]

Presolve removed 1 rows and 2 columns
Presolve time: 0.02s
Presolve: All rows and columns removed
Iteration    Objective       Primal Inf.    Dual Inf.      Time
       0    4.0000000e+00   0.000000e+00   0.000000e+00      0s

Solved in 0 iterations and 0.02 seconds (0.00 work units)
Optimal objective  4.000000000e+00
