
Gurobi 13.0.2 (linux64, C++) logging started Sun Jul 26 17:53:25 2026

Set parameter WLSAccessID
Set parameter WLSSecret
Set parameter LicenseID to value 2835792
Set parameter LogFile to value "robusto.log"
Academic license 2835792 - for non-commercial use only - registered to da___@studenti.unipd.it
Gurobi Optimizer version 13.0.2 build v13.0.2rc1 (linux64 - "Ubuntu 24.04.3 LTS")

CPU model: 13th Gen Intel(R) Core(TM) i5-13420H, instruction set [SSE2|AVX|AVX2]
Thread count: 6 physical cores, 12 logical processors, using up to 12 threads

Academic license 2835792 - for non-commercial use only - registered to da___@studenti.unipd.it
Optimize a model with 610 rows, 601 columns and 2320 nonzeros (Min)
Model fingerprint: 0x6ec00ef1
Model has 1 linear objective coefficients
Variable types: 1 continuous, 600 integer (600 binary)
Coefficient statistics:
  Matrix range     [1e+00, 1e+00]
  Objective range  [1e+00, 1e+00]
  Bounds range     [1e+00, 1e+00]
  RHS range        [1e+00, 1e+00]

Presolve removed 610 rows and 601 columns
Presolve time: 0.04s
Presolve: All rows and columns removed

Explored 0 nodes (0 simplex iterations) in 0.08 seconds (0.01 work units)
Thread count was 1 (of 12 available processors)

Solution count 1: 0 

Optimal solution found (tolerance 1.00e-04)
Best objective 0.000000000000e+00, best bound 0.000000000000e+00, gap 0.0000%

Gurobi 13.0.2 (linux64, C++) logging started Sun Jul 26 21:39:29 2026

Set parameter WLSAccessID
Set parameter WLSSecret
Set parameter LicenseID to value 2835792
Set parameter LogFile to value "robusto.log"
Academic license 2835792 - for non-commercial use only - registered to da___@studenti.unipd.it
Gurobi Optimizer version 13.0.2 build v13.0.2rc1 (linux64 - "Ubuntu 24.04.3 LTS")

CPU model: 13th Gen Intel(R) Core(TM) i5-13420H, instruction set [SSE2|AVX|AVX2]
Thread count: 6 physical cores, 12 logical processors, using up to 12 threads

Academic license 2835792 - for non-commercial use only - registered to da___@studenti.unipd.it
Optimize a model with 610 rows, 601 columns and 2320 nonzeros (Min)
Model fingerprint: 0x6ec00ef1
Model has 1 linear objective coefficients
Variable types: 1 continuous, 600 integer (600 binary)
Coefficient statistics:
  Matrix range     [1e+00, 1e+00]
  Objective range  [1e+00, 1e+00]
  Bounds range     [1e+00, 1e+00]
  RHS range        [1e+00, 1e+00]

Presolve removed 610 rows and 601 columns
Presolve time: 0.02s
Presolve: All rows and columns removed

Explored 0 nodes (0 simplex iterations) in 0.03 seconds (0.01 work units)
Thread count was 1 (of 12 available processors)

Solution count 1: 0 

Optimal solution found (tolerance 1.00e-04)
Best objective 0.000000000000e+00, best bound 0.000000000000e+00, gap 0.0000%

Gurobi 13.0.2 (linux64, C++) logging started Sun Jul 26 21:46:01 2026

Set parameter WLSAccessID
Set parameter WLSSecret
Set parameter LicenseID to value 2835792
Set parameter LogFile to value "robusto.log"
Academic license 2835792 - for non-commercial use only - registered to da___@studenti.unipd.it
Gurobi Optimizer version 13.0.2 build v13.0.2rc1 (linux64 - "Ubuntu 24.04.3 LTS")

CPU model: 13th Gen Intel(R) Core(TM) i5-13420H, instruction set [SSE2|AVX|AVX2]
Thread count: 6 physical cores, 12 logical processors, using up to 12 threads

Academic license 2835792 - for non-commercial use only - registered to da___@studenti.unipd.it
Optimize a model with 610 rows, 601 columns and 2320 nonzeros (Min)
Model fingerprint: 0x6ec00ef1
Model has 1 linear objective coefficients
Variable types: 1 continuous, 600 integer (600 binary)
Coefficient statistics:
  Matrix range     [1e+00, 1e+00]
  Objective range  [1e+00, 1e+00]
  Bounds range     [1e+00, 1e+00]
  RHS range        [1e+00, 1e+00]

Presolve removed 610 rows and 601 columns
Presolve time: 0.01s
Presolve: All rows and columns removed

Explored 0 nodes (0 simplex iterations) in 0.02 seconds (0.01 work units)
Thread count was 1 (of 12 available processors)

Solution count 1: 0 

Optimal solution found (tolerance 1.00e-04)
Best objective 0.000000000000e+00, best bound 0.000000000000e+00, gap 0.0000%

Gurobi 13.0.2 (linux64, C++) logging started Sun Jul 26 21:55:42 2026

Set parameter WLSAccessID
Set parameter WLSSecret
Set parameter LicenseID to value 2835792
Set parameter LogFile to value "robusto.log"
Academic license 2835792 - for non-commercial use only - registered to da___@studenti.unipd.it
Gurobi Optimizer version 13.0.2 build v13.0.2rc1 (linux64 - "Ubuntu 24.04.3 LTS")

CPU model: 13th Gen Intel(R) Core(TM) i5-13420H, instruction set [SSE2|AVX|AVX2]
Thread count: 6 physical cores, 12 logical processors, using up to 12 threads

Academic license 2835792 - for non-commercial use only - registered to da___@studenti.unipd.it
Optimize a model with 610 rows, 601 columns and 2320 nonzeros (Min)
Model fingerprint: 0x6ec00ef1
Model has 1 linear objective coefficients
Variable types: 1 continuous, 600 integer (600 binary)
Coefficient statistics:
  Matrix range     [1e+00, 1e+00]
  Objective range  [1e+00, 1e+00]
  Bounds range     [1e+00, 1e+00]
  RHS range        [1e+00, 1e+00]

Presolve removed 610 rows and 601 columns
Presolve time: 0.02s
Presolve: All rows and columns removed

Explored 0 nodes (0 simplex iterations) in 0.03 seconds (0.01 work units)
Thread count was 1 (of 12 available processors)

Solution count 1: 0 

Optimal solution found (tolerance 1.00e-04)
Best objective 0.000000000000e+00, best bound 0.000000000000e+00, gap 0.0000%

Gurobi 13.0.2 (linux64, C++) logging started Sun Jul 26 22:08:37 2026

Set parameter WLSAccessID
Set parameter WLSSecret
Set parameter LicenseID to value 2835792
Set parameter LogFile to value "robusto.log"
Academic license 2835792 - for non-commercial use only - registered to da___@studenti.unipd.it
Gurobi Optimizer version 13.0.2 build v13.0.2rc1 (linux64 - "Ubuntu 24.04.3 LTS")

CPU model: 13th Gen Intel(R) Core(TM) i5-13420H, instruction set [SSE2|AVX|AVX2]
Thread count: 6 physical cores, 12 logical processors, using up to 12 threads

Academic license 2835792 - for non-commercial use only - registered to da___@studenti.unipd.it
Optimize a model with 610 rows, 601 columns and 2320 nonzeros (Min)
Model fingerprint: 0x6ec00ef1
Model has 1 linear objective coefficients
Variable types: 1 continuous, 600 integer (600 binary)
Coefficient statistics:
  Matrix range     [1e+00, 1e+00]
  Objective range  [1e+00, 1e+00]
  Bounds range     [1e+00, 1e+00]
  RHS range        [1e+00, 1e+00]

Presolve removed 610 rows and 601 columns
Presolve time: 0.02s
Presolve: All rows and columns removed

Explored 0 nodes (0 simplex iterations) in 0.04 seconds (0.01 work units)
Thread count was 1 (of 12 available processors)

Solution count 1: 0 

Optimal solution found (tolerance 1.00e-04)
Best objective 0.000000000000e+00, best bound 0.000000000000e+00, gap 0.0000%

Gurobi 13.0.2 (linux64, C++) logging started Sun Jul 26 22:10:04 2026

Set parameter WLSAccessID
Set parameter WLSSecret
Set parameter LicenseID to value 2835792
Set parameter LogFile to value "robusto.log"
Academic license 2835792 - for non-commercial use only - registered to da___@studenti.unipd.it
Gurobi Optimizer version 13.0.2 build v13.0.2rc1 (linux64 - "Ubuntu 24.04.3 LTS")

CPU model: 13th Gen Intel(R) Core(TM) i5-13420H, instruction set [SSE2|AVX|AVX2]
Thread count: 6 physical cores, 12 logical processors, using up to 12 threads

Academic license 2835792 - for non-commercial use only - registered to da___@studenti.unipd.it
Optimize a model with 610 rows, 601 columns and 2320 nonzeros (Min)
Model fingerprint: 0x6ec00ef1
Model has 1 linear objective coefficients
Variable types: 1 continuous, 600 integer (600 binary)
Coefficient statistics:
  Matrix range     [1e+00, 1e+00]
  Objective range  [1e+00, 1e+00]
  Bounds range     [1e+00, 1e+00]
  RHS range        [1e+00, 1e+00]

Presolve removed 610 rows and 601 columns
Presolve time: 0.01s
Presolve: All rows and columns removed

Explored 0 nodes (0 simplex iterations) in 0.02 seconds (0.01 work units)
Thread count was 1 (of 12 available processors)

Solution count 1: 0 

Optimal solution found (tolerance 1.00e-04)
Best objective 0.000000000000e+00, best bound 0.000000000000e+00, gap 0.0000%

Gurobi 13.0.2 (linux64, C++) logging started Sun Jul 26 22:32:41 2026

Set parameter WLSAccessID
Set parameter WLSSecret
Set parameter LicenseID to value 2835792
Set parameter LogFile to value "robusto.log"
Academic license 2835792 - for non-commercial use only - registered to da___@studenti.unipd.it
Gurobi Optimizer version 13.0.2 build v13.0.2rc1 (linux64 - "Ubuntu 24.04.3 LTS")

CPU model: 13th Gen Intel(R) Core(TM) i5-13420H, instruction set [SSE2|AVX|AVX2]
Thread count: 6 physical cores, 12 logical processors, using up to 12 threads

Academic license 2835792 - for non-commercial use only - registered to da___@studenti.unipd.it
Optimize a model with 610 rows, 601 columns and 2320 nonzeros (Min)
Model fingerprint: 0x6ec00ef1
Model has 1 linear objective coefficients
Variable types: 1 continuous, 600 integer (600 binary)
Coefficient statistics:
  Matrix range     [1e+00, 1e+00]
  Objective range  [1e+00, 1e+00]
  Bounds range     [1e+00, 1e+00]
  RHS range        [1e+00, 1e+00]

Presolve removed 610 rows and 601 columns
Presolve time: 0.02s
Presolve: All rows and columns removed

Explored 0 nodes (0 simplex iterations) in 0.03 seconds (0.01 work units)
Thread count was 1 (of 12 available processors)

Solution count 1: 0 

Optimal solution found (tolerance 1.00e-04)
Best objective 0.000000000000e+00, best bound 0.000000000000e+00, gap 0.0000%

Gurobi 13.0.2 (linux64, C++) logging started Sun Jul 26 22:35:02 2026

Set parameter WLSAccessID
Set parameter WLSSecret
Set parameter LicenseID to value 2835792
Set parameter LogFile to value "robusto.log"
Academic license 2835792 - for non-commercial use only - registered to da___@studenti.unipd.it
Gurobi Optimizer version 13.0.2 build v13.0.2rc1 (linux64 - "Ubuntu 24.04.3 LTS")

CPU model: 13th Gen Intel(R) Core(TM) i5-13420H, instruction set [SSE2|AVX|AVX2]
Thread count: 6 physical cores, 12 logical processors, using up to 12 threads

Academic license 2835792 - for non-commercial use only - registered to da___@studenti.unipd.it
Optimize a model with 610 rows, 601 columns and 2320 nonzeros (Min)
Model fingerprint: 0x6ec00ef1
Model has 1 linear objective coefficients
Variable types: 1 continuous, 600 integer (600 binary)
Coefficient statistics:
  Matrix range     [1e+00, 1e+00]
  Objective range  [1e+00, 1e+00]
  Bounds range     [1e+00, 1e+00]
  RHS range        [1e+00, 1e+00]

Presolve removed 610 rows and 601 columns
Presolve time: 0.02s
Presolve: All rows and columns removed

Explored 0 nodes (0 simplex iterations) in 0.03 seconds (0.01 work units)
Thread count was 1 (of 12 available processors)

Solution count 1: 0 

Optimal solution found (tolerance 1.00e-04)
Best objective 0.000000000000e+00, best bound 0.000000000000e+00, gap 0.0000%

Gurobi 13.0.2 (linux64, C++) logging started Sun Jul 26 22:45:38 2026

Set parameter WLSAccessID
Set parameter WLSSecret
Set parameter LicenseID to value 2835792
Set parameter LogFile to value "robusto.log"
Academic license 2835792 - for non-commercial use only - registered to da___@studenti.unipd.it
Gurobi Optimizer version 13.0.2 build v13.0.2rc1 (linux64 - "Ubuntu 24.04.3 LTS")

CPU model: 13th Gen Intel(R) Core(TM) i5-13420H, instruction set [SSE2|AVX|AVX2]
Thread count: 6 physical cores, 12 logical processors, using up to 12 threads

Academic license 2835792 - for non-commercial use only - registered to da___@studenti.unipd.it
Optimize a model with 610 rows, 601 columns and 2320 nonzeros (Min)
Model fingerprint: 0x6ec00ef1
Model has 1 linear objective coefficients
Variable types: 1 continuous, 600 integer (600 binary)
Coefficient statistics:
  Matrix range     [1e+00, 1e+00]
  Objective range  [1e+00, 1e+00]
  Bounds range     [1e+00, 1e+00]
  RHS range        [1e+00, 1e+00]

Presolve removed 610 rows and 601 columns
Presolve time: 0.02s
Presolve: All rows and columns removed

Explored 0 nodes (0 simplex iterations) in 0.03 seconds (0.01 work units)
Thread count was 1 (of 12 available processors)

Solution count 1: 0 

Optimal solution found (tolerance 1.00e-04)
Best objective 0.000000000000e+00, best bound 0.000000000000e+00, gap 0.0000%

Gurobi 13.0.2 (linux64, C++) logging started Sun Jul 26 22:51:10 2026

Set parameter WLSAccessID
Set parameter WLSSecret
Set parameter LicenseID to value 2835792
Set parameter LogFile to value "robusto.log"
Academic license 2835792 - for non-commercial use only - registered to da___@studenti.unipd.it
Gurobi Optimizer version 13.0.2 build v13.0.2rc1 (linux64 - "Ubuntu 24.04.3 LTS")

CPU model: 13th Gen Intel(R) Core(TM) i5-13420H, instruction set [SSE2|AVX|AVX2]
Thread count: 6 physical cores, 12 logical processors, using up to 12 threads

Academic license 2835792 - for non-commercial use only - registered to da___@studenti.unipd.it
Optimize a model with 610 rows, 601 columns and 2320 nonzeros (Min)
Model fingerprint: 0x6ec00ef1
Model has 1 linear objective coefficients
Variable types: 1 continuous, 600 integer (600 binary)
Coefficient statistics:
  Matrix range     [1e+00, 1e+00]
  Objective range  [1e+00, 1e+00]
  Bounds range     [1e+00, 1e+00]
  RHS range        [1e+00, 1e+00]

Presolve removed 610 rows and 601 columns
Presolve time: 0.02s
Presolve: All rows and columns removed

Explored 0 nodes (0 simplex iterations) in 0.03 seconds (0.01 work units)
Thread count was 1 (of 12 available processors)

Solution count 1: 0 

Optimal solution found (tolerance 1.00e-04)
Best objective 0.000000000000e+00, best bound 0.000000000000e+00, gap 0.0000%

Gurobi 13.0.2 (linux64, C++) logging started Sun Jul 26 22:54:29 2026

Set parameter WLSAccessID
Set parameter WLSSecret
Set parameter LicenseID to value 2835792
Set parameter LogFile to value "robusto.log"
Academic license 2835792 - for non-commercial use only - registered to da___@studenti.unipd.it
Gurobi Optimizer version 13.0.2 build v13.0.2rc1 (linux64 - "Ubuntu 24.04.3 LTS")

CPU model: 13th Gen Intel(R) Core(TM) i5-13420H, instruction set [SSE2|AVX|AVX2]
Thread count: 6 physical cores, 12 logical processors, using up to 12 threads

Academic license 2835792 - for non-commercial use only - registered to da___@studenti.unipd.it
Optimize a model with 610 rows, 601 columns and 2320 nonzeros (Min)
Model fingerprint: 0x6ec00ef1
Model has 1 linear objective coefficients
Variable types: 1 continuous, 600 integer (600 binary)
Coefficient statistics:
  Matrix range     [1e+00, 1e+00]
  Objective range  [1e+00, 1e+00]
  Bounds range     [1e+00, 1e+00]
  RHS range        [1e+00, 1e+00]

Presolve removed 610 rows and 601 columns
Presolve time: 0.02s
Presolve: All rows and columns removed

Explored 0 nodes (0 simplex iterations) in 0.03 seconds (0.01 work units)
Thread count was 1 (of 12 available processors)

Solution count 1: 0 

Optimal solution found (tolerance 1.00e-04)
Best objective 0.000000000000e+00, best bound 0.000000000000e+00, gap 0.0000%

Gurobi 13.0.2 (linux64, C++) logging started Sun Jul 26 23:01:34 2026

Set parameter WLSAccessID
Set parameter WLSSecret
Set parameter LicenseID to value 2835792
Set parameter LogFile to value "robusto.log"
Academic license 2835792 - for non-commercial use only - registered to da___@studenti.unipd.it
Gurobi Optimizer version 13.0.2 build v13.0.2rc1 (linux64 - "Ubuntu 24.04.3 LTS")

CPU model: 13th Gen Intel(R) Core(TM) i5-13420H, instruction set [SSE2|AVX|AVX2]
Thread count: 6 physical cores, 12 logical processors, using up to 12 threads

Academic license 2835792 - for non-commercial use only - registered to da___@studenti.unipd.it
Optimize a model with 610 rows, 601 columns and 2320 nonzeros (Min)
Model fingerprint: 0x6ec00ef1
Model has 1 linear objective coefficients
Variable types: 1 continuous, 600 integer (600 binary)
Coefficient statistics:
  Matrix range     [1e+00, 1e+00]
  Objective range  [1e+00, 1e+00]
  Bounds range     [1e+00, 1e+00]
  RHS range        [1e+00, 1e+00]

Presolve removed 610 rows and 601 columns
Presolve time: 0.01s
Presolve: All rows and columns removed

Explored 0 nodes (0 simplex iterations) in 0.02 seconds (0.01 work units)
Thread count was 1 (of 12 available processors)

Solution count 1: 0 

Optimal solution found (tolerance 1.00e-04)
Best objective 0.000000000000e+00, best bound 0.000000000000e+00, gap 0.0000%

Gurobi 13.0.2 (linux64, C++) logging started Mon Jul 27 15:13:32 2026

Set parameter WLSAccessID
Set parameter WLSSecret
Set parameter LicenseID to value 2835792
Set parameter LogFile to value "robusto.log"
Academic license 2835792 - for non-commercial use only - registered to da___@studenti.unipd.it
Gurobi Optimizer version 13.0.2 build v13.0.2rc1 (linux64 - "Ubuntu 24.04.3 LTS")

CPU model: 13th Gen Intel(R) Core(TM) i5-13420H, instruction set [SSE2|AVX|AVX2]
Thread count: 6 physical cores, 12 logical processors, using up to 12 threads

Academic license 2835792 - for non-commercial use only - registered to da___@studenti.unipd.it
Optimize a model with 610 rows, 601 columns and 2320 nonzeros (Min)
Model fingerprint: 0x6ec00ef1
Model has 1 linear objective coefficients
Variable types: 1 continuous, 600 integer (600 binary)
Coefficient statistics:
  Matrix range     [1e+00, 1e+00]
  Objective range  [1e+00, 1e+00]
  Bounds range     [1e+00, 1e+00]
  RHS range        [1e+00, 1e+00]

Presolve removed 610 rows and 601 columns
Presolve time: 0.01s
Presolve: All rows and columns removed

Explored 0 nodes (0 simplex iterations) in 0.02 seconds (0.01 work units)
Thread count was 1 (of 12 available processors)

Solution count 1: 0 

Optimal solution found (tolerance 1.00e-04)
Best objective 0.000000000000e+00, best bound 0.000000000000e+00, gap 0.0000%

Gurobi 13.0.2 (linux64, C++) logging started Mon Jul 27 15:15:16 2026

Set parameter WLSAccessID
Set parameter WLSSecret
Set parameter LicenseID to value 2835792
Set parameter LogFile to value "robusto.log"
Academic license 2835792 - for non-commercial use only - registered to da___@studenti.unipd.it
Gurobi Optimizer version 13.0.2 build v13.0.2rc1 (linux64 - "Ubuntu 24.04.3 LTS")

CPU model: 13th Gen Intel(R) Core(TM) i5-13420H, instruction set [SSE2|AVX|AVX2]
Thread count: 6 physical cores, 12 logical processors, using up to 12 threads

Academic license 2835792 - for non-commercial use only - registered to da___@studenti.unipd.it
Optimize a model with 610 rows, 601 columns and 2320 nonzeros (Min)
Model fingerprint: 0x6ec00ef1
Model has 1 linear objective coefficients
Variable types: 1 continuous, 600 integer (600 binary)
Coefficient statistics:
  Matrix range     [1e+00, 1e+00]
  Objective range  [1e+00, 1e+00]
  Bounds range     [1e+00, 1e+00]
  RHS range        [1e+00, 1e+00]

Presolve removed 610 rows and 601 columns
Presolve time: 0.01s
Presolve: All rows and columns removed

Explored 0 nodes (0 simplex iterations) in 0.02 seconds (0.01 work units)
Thread count was 1 (of 12 available processors)

Solution count 1: 0 

Optimal solution found (tolerance 1.00e-04)
Best objective 0.000000000000e+00, best bound 0.000000000000e+00, gap 0.0000%

Gurobi 13.0.2 (linux64, C++) logging started Mon Jul 27 18:36:08 2026

Set parameter WLSAccessID
Set parameter WLSSecret
Set parameter LicenseID to value 2835792
Set parameter LogFile to value "robusto.log"
Academic license 2835792 - for non-commercial use only - registered to da___@studenti.unipd.it
Gurobi Optimizer version 13.0.2 build v13.0.2rc1 (linux64 - "Ubuntu 24.04.3 LTS")

CPU model: 13th Gen Intel(R) Core(TM) i5-13420H, instruction set [SSE2|AVX|AVX2]
Thread count: 6 physical cores, 12 logical processors, using up to 12 threads

Academic license 2835792 - for non-commercial use only - registered to da___@studenti.unipd.it
Optimize a model with 610 rows, 601 columns and 2320 nonzeros (Min)
Model fingerprint: 0x6ec00ef1
Model has 1 linear objective coefficients
Variable types: 1 continuous, 600 integer (600 binary)
Coefficient statistics:
  Matrix range     [1e+00, 1e+00]
  Objective range  [1e+00, 1e+00]
  Bounds range     [1e+00, 1e+00]
  RHS range        [1e+00, 1e+00]

Presolve removed 610 rows and 601 columns
Presolve time: 0.02s
Presolve: All rows and columns removed

Explored 0 nodes (0 simplex iterations) in 0.04 seconds (0.01 work units)
Thread count was 1 (of 12 available processors)

Solution count 1: 0 

Optimal solution found (tolerance 1.00e-04)
Best objective 0.000000000000e+00, best bound 0.000000000000e+00, gap 0.0000%

Gurobi 13.0.2 (linux64, C++) logging started Mon Jul 27 18:37:29 2026

Set parameter WLSAccessID
Set parameter WLSSecret
Set parameter LicenseID to value 2835792
Set parameter LogFile to value "robusto.log"
Academic license 2835792 - for non-commercial use only - registered to da___@studenti.unipd.it
Gurobi Optimizer version 13.0.2 build v13.0.2rc1 (linux64 - "Ubuntu 24.04.3 LTS")

CPU model: 13th Gen Intel(R) Core(TM) i5-13420H, instruction set [SSE2|AVX|AVX2]
Thread count: 6 physical cores, 12 logical processors, using up to 12 threads

Academic license 2835792 - for non-commercial use only - registered to da___@studenti.unipd.it
Optimize a model with 610 rows, 601 columns and 2320 nonzeros (Min)
Model fingerprint: 0x6ec00ef1
Model has 1 linear objective coefficients
Variable types: 1 continuous, 600 integer (600 binary)
Coefficient statistics:
  Matrix range     [1e+00, 1e+00]
  Objective range  [1e+00, 1e+00]
  Bounds range     [1e+00, 1e+00]
  RHS range        [1e+00, 1e+00]

Presolve removed 610 rows and 601 columns
Presolve time: 0.02s
Presolve: All rows and columns removed

Explored 0 nodes (0 simplex iterations) in 0.02 seconds (0.01 work units)
Thread count was 1 (of 12 available processors)

Solution count 1: 0 

Optimal solution found (tolerance 1.00e-04)
Best objective 0.000000000000e+00, best bound 0.000000000000e+00, gap 0.0000%

Gurobi 13.0.2 (linux64, C++) logging started Mon Jul 27 18:38:06 2026

Set parameter WLSAccessID
Set parameter WLSSecret
Set parameter LicenseID to value 2835792
Set parameter LogFile to value "robusto.log"
Academic license 2835792 - for non-commercial use only - registered to da___@studenti.unipd.it
Gurobi Optimizer version 13.0.2 build v13.0.2rc1 (linux64 - "Ubuntu 24.04.3 LTS")

CPU model: 13th Gen Intel(R) Core(TM) i5-13420H, instruction set [SSE2|AVX|AVX2]
Thread count: 6 physical cores, 12 logical processors, using up to 12 threads

Academic license 2835792 - for non-commercial use only - registered to da___@studenti.unipd.it
Optimize a model with 610 rows, 601 columns and 2320 nonzeros (Min)
Model fingerprint: 0x6ec00ef1
Model has 1 linear objective coefficients
Variable types: 1 continuous, 600 integer (600 binary)
Coefficient statistics:
  Matrix range     [1e+00, 1e+00]
  Objective range  [1e+00, 1e+00]
  Bounds range     [1e+00, 1e+00]
  RHS range        [1e+00, 1e+00]

Presolve removed 610 rows and 601 columns
Presolve time: 0.01s
Presolve: All rows and columns removed

Explored 0 nodes (0 simplex iterations) in 0.02 seconds (0.01 work units)
Thread count was 1 (of 12 available processors)

Solution count 1: 0 

Optimal solution found (tolerance 1.00e-04)
Best objective 0.000000000000e+00, best bound 0.000000000000e+00, gap 0.0000%

Gurobi 13.0.2 (linux64, C++) logging started Mon Jul 27 18:41:35 2026

Set parameter WLSAccessID
Set parameter WLSSecret
Set parameter LicenseID to value 2835792
Set parameter LogFile to value "robusto.log"
Academic license 2835792 - for non-commercial use only - registered to da___@studenti.unipd.it
Gurobi Optimizer version 13.0.2 build v13.0.2rc1 (linux64 - "Ubuntu 24.04.3 LTS")

CPU model: 13th Gen Intel(R) Core(TM) i5-13420H, instruction set [SSE2|AVX|AVX2]
Thread count: 6 physical cores, 12 logical processors, using up to 12 threads

Academic license 2835792 - for non-commercial use only - registered to da___@studenti.unipd.it
Optimize a model with 610 rows, 601 columns and 2320 nonzeros (Min)
Model fingerprint: 0x6ec00ef1
Model has 1 linear objective coefficients
Variable types: 1 continuous, 600 integer (600 binary)
Coefficient statistics:
  Matrix range     [1e+00, 1e+00]
  Objective range  [1e+00, 1e+00]
  Bounds range     [1e+00, 1e+00]
  RHS range        [1e+00, 1e+00]

Presolve removed 610 rows and 601 columns
Presolve time: 0.02s
Presolve: All rows and columns removed

Explored 0 nodes (0 simplex iterations) in 0.03 seconds (0.01 work units)
Thread count was 1 (of 12 available processors)

Solution count 1: 0 

Optimal solution found (tolerance 1.00e-04)
Best objective 0.000000000000e+00, best bound 0.000000000000e+00, gap 0.0000%

Gurobi 13.0.2 (linux64, C++) logging started Mon Jul 27 18:43:52 2026

Set parameter WLSAccessID
Set parameter WLSSecret
Set parameter LicenseID to value 2835792
Set parameter LogFile to value "robusto.log"
Academic license 2835792 - for non-commercial use only - registered to da___@studenti.unipd.it
Gurobi Optimizer version 13.0.2 build v13.0.2rc1 (linux64 - "Ubuntu 24.04.3 LTS")

CPU model: 13th Gen Intel(R) Core(TM) i5-13420H, instruction set [SSE2|AVX|AVX2]
Thread count: 6 physical cores, 12 logical processors, using up to 12 threads

Academic license 2835792 - for non-commercial use only - registered to da___@studenti.unipd.it
Optimize a model with 610 rows, 601 columns and 2320 nonzeros (Min)
Model fingerprint: 0x6ec00ef1
Model has 1 linear objective coefficients
Variable types: 1 continuous, 600 integer (600 binary)
Coefficient statistics:
  Matrix range     [1e+00, 1e+00]
  Objective range  [1e+00, 1e+00]
  Bounds range     [1e+00, 1e+00]
  RHS range        [1e+00, 1e+00]

Presolve removed 610 rows and 601 columns
Presolve time: 0.01s
Presolve: All rows and columns removed

Explored 0 nodes (0 simplex iterations) in 0.02 seconds (0.01 work units)
Thread count was 1 (of 12 available processors)

Solution count 1: 0 

Optimal solution found (tolerance 1.00e-04)
Best objective 0.000000000000e+00, best bound 0.000000000000e+00, gap 0.0000%

Gurobi 13.0.2 (linux64, C++) logging started Mon Jul 27 18:52:21 2026

Set parameter WLSAccessID
Set parameter WLSSecret
Set parameter LicenseID to value 2835792
Set parameter LogFile to value "robusto.log"
Academic license 2835792 - for non-commercial use only - registered to da___@studenti.unipd.it
Gurobi Optimizer version 13.0.2 build v13.0.2rc1 (linux64 - "Ubuntu 24.04.3 LTS")

CPU model: 13th Gen Intel(R) Core(TM) i5-13420H, instruction set [SSE2|AVX|AVX2]
Thread count: 6 physical cores, 12 logical processors, using up to 12 threads

Academic license 2835792 - for non-commercial use only - registered to da___@studenti.unipd.it
Optimize a model with 610 rows, 601 columns and 2320 nonzeros (Min)
Model fingerprint: 0x6ec00ef1
Model has 1 linear objective coefficients
Variable types: 1 continuous, 600 integer (600 binary)
Coefficient statistics:
  Matrix range     [1e+00, 1e+00]
  Objective range  [1e+00, 1e+00]
  Bounds range     [1e+00, 1e+00]
  RHS range        [1e+00, 1e+00]

Presolve removed 610 rows and 601 columns
Presolve time: 0.01s
Presolve: All rows and columns removed

Explored 0 nodes (0 simplex iterations) in 0.02 seconds (0.01 work units)
Thread count was 1 (of 12 available processors)

Solution count 1: 0 

Optimal solution found (tolerance 1.00e-04)
Best objective 0.000000000000e+00, best bound 0.000000000000e+00, gap 0.0000%

Gurobi 13.0.2 (linux64, C++) logging started Mon Jul 27 18:52:57 2026

Set parameter WLSAccessID
Set parameter WLSSecret
Set parameter LicenseID to value 2835792
Set parameter LogFile to value "robusto.log"
Academic license 2835792 - for non-commercial use only - registered to da___@studenti.unipd.it
Gurobi Optimizer version 13.0.2 build v13.0.2rc1 (linux64 - "Ubuntu 24.04.3 LTS")

CPU model: 13th Gen Intel(R) Core(TM) i5-13420H, instruction set [SSE2|AVX|AVX2]
Thread count: 6 physical cores, 12 logical processors, using up to 12 threads

Academic license 2835792 - for non-commercial use only - registered to da___@studenti.unipd.it
Optimize a model with 610 rows, 601 columns and 2320 nonzeros (Min)
Model fingerprint: 0x6ec00ef1
Model has 1 linear objective coefficients
Variable types: 1 continuous, 600 integer (600 binary)
Coefficient statistics:
  Matrix range     [1e+00, 1e+00]
  Objective range  [1e+00, 1e+00]
  Bounds range     [1e+00, 1e+00]
  RHS range        [1e+00, 1e+00]

Presolve removed 610 rows and 601 columns
Presolve time: 0.01s
Presolve: All rows and columns removed

Explored 0 nodes (0 simplex iterations) in 0.02 seconds (0.01 work units)
Thread count was 1 (of 12 available processors)

Solution count 1: 0 

Optimal solution found (tolerance 1.00e-04)
Best objective 0.000000000000e+00, best bound 0.000000000000e+00, gap 0.0000%

Gurobi 13.0.2 (linux64, C++) logging started Mon Jul 27 20:20:53 2026

Set parameter WLSAccessID
Set parameter WLSSecret
Set parameter LicenseID to value 2835792
Set parameter LogFile to value "robusto.log"
Academic license 2835792 - for non-commercial use only - registered to da___@studenti.unipd.it
Gurobi Optimizer version 13.0.2 build v13.0.2rc1 (linux64 - "Ubuntu 24.04.3 LTS")

CPU model: 13th Gen Intel(R) Core(TM) i5-13420H, instruction set [SSE2|AVX|AVX2]
Thread count: 6 physical cores, 12 logical processors, using up to 12 threads

Academic license 2835792 - for non-commercial use only - registered to da___@studenti.unipd.it
Optimize a model with 610 rows, 601 columns and 2320 nonzeros (Min)
Model fingerprint: 0x6ec00ef1
Model has 1 linear objective coefficients
Variable types: 1 continuous, 600 integer (600 binary)
Coefficient statistics:
  Matrix range     [1e+00, 1e+00]
  Objective range  [1e+00, 1e+00]
  Bounds range     [1e+00, 1e+00]
  RHS range        [1e+00, 1e+00]

Presolve removed 610 rows and 601 columns
Presolve time: 0.02s
Presolve: All rows and columns removed

Explored 0 nodes (0 simplex iterations) in 0.04 seconds (0.01 work units)
Thread count was 1 (of 12 available processors)

Solution count 1: 0 

Optimal solution found (tolerance 1.00e-04)
Best objective 0.000000000000e+00, best bound 0.000000000000e+00, gap 0.0000%

Gurobi 13.0.2 (linux64, C++) logging started Mon Jul 27 21:11:57 2026

Set parameter WLSAccessID
Set parameter WLSSecret
Set parameter LicenseID to value 2835792
Set parameter LogFile to value "robusto.log"
Academic license 2835792 - for non-commercial use only - registered to da___@studenti.unipd.it
Gurobi Optimizer version 13.0.2 build v13.0.2rc1 (linux64 - "Ubuntu 24.04.3 LTS")

CPU model: 13th Gen Intel(R) Core(TM) i5-13420H, instruction set [SSE2|AVX|AVX2]
Thread count: 6 physical cores, 12 logical processors, using up to 12 threads

Academic license 2835792 - for non-commercial use only - registered to da___@studenti.unipd.it
Optimize a model with 610 rows, 601 columns and 2320 nonzeros (Min)
Model fingerprint: 0x6ec00ef1
Model has 1 linear objective coefficients
Variable types: 1 continuous, 600 integer (600 binary)
Coefficient statistics:
  Matrix range     [1e+00, 1e+00]
  Objective range  [1e+00, 1e+00]
  Bounds range     [1e+00, 1e+00]
  RHS range        [1e+00, 1e+00]

Presolve removed 610 rows and 601 columns
Presolve time: 0.03s
Presolve: All rows and columns removed

Explored 0 nodes (0 simplex iterations) in 0.04 seconds (0.01 work units)
Thread count was 1 (of 12 available processors)

Solution count 1: 0 

Optimal solution found (tolerance 1.00e-04)
Best objective 0.000000000000e+00, best bound 0.000000000000e+00, gap 0.0000%
Gurobi Optimizer version 13.0.2 build v13.0.2rc1 (linux64 - "Ubuntu 24.04.3 LTS")

CPU model: 13th Gen Intel(R) Core(TM) i5-13420H, instruction set [SSE2|AVX|AVX2]
Thread count: 6 physical cores, 12 logical processors, using up to 12 threads

Academic license 2835792 - for non-commercial use only - registered to da___@studenti.unipd.it
Optimize a model with 6735 rows, 9000 columns and 54060 nonzeros (Max)
Model fingerprint: 0x3a9614ea
Model has 180 linear objective coefficients
Variable types: 1500 continuous, 7500 integer (7500 binary)
Coefficient statistics:
  Matrix range     [1e-01, 3e+02]
  Objective range  [1e+00, 1e+00]
  Bounds range     [1e+00, 1e+00]
  RHS range        [2e+01, 7e+02]

Found heuristic solution: objective 18998.168870
Presolve removed 6735 rows and 9000 columns
Presolve time: 0.04s
Presolve: All rows and columns removed

Explored 0 nodes (0 simplex iterations) in 0.11 seconds (0.02 work units)
Thread count was 1 (of 12 available processors)

Solution count 2: 19403 18998.2 

Optimal solution found (tolerance 1.00e-04)
Best objective 1.940297454100e+04, best bound 1.940297454100e+04, gap 0.0000%
Gurobi Optimizer version 13.0.2 build v13.0.2rc1 (linux64 - "Ubuntu 24.04.3 LTS")

CPU model: 13th Gen Intel(R) Core(TM) i5-13420H, instruction set [SSE2|AVX|AVX2]
Thread count: 6 physical cores, 12 logical processors, using up to 12 threads

Academic license 2835792 - for non-commercial use only - registered to da___@studenti.unipd.it
Optimize a model with 611 rows, 601 columns and 2621 nonzeros (Min)
Model fingerprint: 0x7326abb5
Model has 1 linear objective coefficients
Variable types: 1 continuous, 600 integer (600 binary)
Coefficient statistics:
  Matrix range     [1e+00, 2e+03]
  Objective range  [1e+00, 1e+00]
  Bounds range     [1e+00, 1e+00]
  RHS range        [1e+00, 1e+00]

MIP start from previous solve produced solution with objective 19403 (0.04s)
Loaded MIP start from previous solve with objective 19403

Presolve removed 611 rows and 601 columns
Presolve time: 0.01s
Presolve: All rows and columns removed

Explored 0 nodes (0 simplex iterations) in 0.05 seconds (0.01 work units)
Thread count was 1 (of 12 available processors)

Solution count 2: 5207.75 19403 

Optimal solution found (tolerance 1.00e-04)
Best objective 5.207746610000e+03, best bound 5.207746610000e+03, gap 0.0000%
Gurobi Optimizer version 13.0.2 build v13.0.2rc1 (linux64 - "Ubuntu 24.04.3 LTS")

CPU model: 13th Gen Intel(R) Core(TM) i5-13420H, instruction set [SSE2|AVX|AVX2]
Thread count: 6 physical cores, 12 logical processors, using up to 12 threads

Academic license 2835792 - for non-commercial use only - registered to da___@studenti.unipd.it
Optimize a model with 6735 rows, 9000 columns and 54060 nonzeros (Max)
Model fingerprint: 0x98c5f031
Model has 75 linear objective coefficients
Variable types: 1500 continuous, 7500 integer (7500 binary)
Coefficient statistics:
  Matrix range     [1e-01, 3e+02]
  Objective range  [1e+00, 1e+00]
  Bounds range     [1e+00, 1e+00]
  RHS range        [2e+01, 7e+02]

Found heuristic solution: objective 5042.9951318
Presolve removed 6735 rows and 9000 columns
Presolve time: 0.02s
Presolve: All rows and columns removed

Explored 0 nodes (0 simplex iterations) in 0.03 seconds (0.02 work units)
Thread count was 1 (of 12 available processors)

Solution count 2: 5207.75 5043 

Optimal solution found (tolerance 1.00e-04)
Best objective 5.207746610000e+03, best bound 5.207746610000e+03, gap 0.0000%

Gurobi 13.0.2 (linux64, C++) logging started Mon Jul 27 21:19:43 2026

Set parameter WLSAccessID
Set parameter WLSSecret
Set parameter LicenseID to value 2835792
Set parameter LogFile to value "robusto.log"
Academic license 2835792 - for non-commercial use only - registered to da___@studenti.unipd.it
Gurobi Optimizer version 13.0.2 build v13.0.2rc1 (linux64 - "Ubuntu 24.04.3 LTS")

CPU model: 13th Gen Intel(R) Core(TM) i5-13420H, instruction set [SSE2|AVX|AVX2]
Thread count: 6 physical cores, 12 logical processors, using up to 12 threads

Academic license 2835792 - for non-commercial use only - registered to da___@studenti.unipd.it
Optimize a model with 610 rows, 601 columns and 2320 nonzeros (Min)
Model fingerprint: 0x6ec00ef1
Model has 1 linear objective coefficients
Variable types: 1 continuous, 600 integer (600 binary)
Coefficient statistics:
  Matrix range     [1e+00, 1e+00]
  Objective range  [1e+00, 1e+00]
  Bounds range     [1e+00, 1e+00]
  RHS range        [1e+00, 1e+00]

Presolve removed 610 rows and 601 columns
Presolve time: 0.01s
Presolve: All rows and columns removed

Explored 0 nodes (0 simplex iterations) in 0.02 seconds (0.01 work units)
Thread count was 1 (of 12 available processors)

Solution count 1: 0 

Optimal solution found (tolerance 1.00e-04)
Best objective 0.000000000000e+00, best bound 0.000000000000e+00, gap 0.0000%
Gurobi Optimizer version 13.0.2 build v13.0.2rc1 (linux64 - "Ubuntu 24.04.3 LTS")

CPU model: 13th Gen Intel(R) Core(TM) i5-13420H, instruction set [SSE2|AVX|AVX2]
Thread count: 6 physical cores, 12 logical processors, using up to 12 threads

Academic license 2835792 - for non-commercial use only - registered to da___@studenti.unipd.it
Optimize a model with 6735 rows, 9000 columns and 54060 nonzeros (Max)
Model fingerprint: 0x3a9614ea
Model has 180 linear objective coefficients
Variable types: 1500 continuous, 7500 integer (7500 binary)
Coefficient statistics:
  Matrix range     [1e-01, 3e+02]
  Objective range  [1e+00, 1e+00]
  Bounds range     [1e+00, 1e+00]
  RHS range        [2e+01, 7e+02]

Found heuristic solution: objective 18998.168870
Presolve removed 6735 rows and 9000 columns
Presolve time: 0.02s
Presolve: All rows and columns removed

Explored 0 nodes (0 simplex iterations) in 0.03 seconds (0.02 work units)
Thread count was 1 (of 12 available processors)

Solution count 2: 19403 18998.2 

Optimal solution found (tolerance 1.00e-04)
Best objective 1.940297454100e+04, best bound 1.940297454100e+04, gap 0.0000%
Gurobi Optimizer version 13.0.2 build v13.0.2rc1 (linux64 - "Ubuntu 24.04.3 LTS")

CPU model: 13th Gen Intel(R) Core(TM) i5-13420H, instruction set [SSE2|AVX|AVX2]
Thread count: 6 physical cores, 12 logical processors, using up to 12 threads

Academic license 2835792 - for non-commercial use only - registered to da___@studenti.unipd.it
Optimize a model with 611 rows, 601 columns and 2621 nonzeros (Min)
Model fingerprint: 0x7326abb5
Model has 1 linear objective coefficients
Variable types: 1 continuous, 600 integer (600 binary)
Coefficient statistics:
  Matrix range     [1e+00, 2e+03]
  Objective range  [1e+00, 1e+00]
  Bounds range     [1e+00, 1e+00]
  RHS range        [1e+00, 1e+00]

MIP start from previous solve produced solution with objective 19403 (0.04s)
Loaded MIP start from previous solve with objective 19403

Presolve removed 611 rows and 601 columns
Presolve time: 0.01s
Presolve: All rows and columns removed

Explored 0 nodes (0 simplex iterations) in 0.05 seconds (0.01 work units)
Thread count was 1 (of 12 available processors)

Solution count 2: 5207.75 19403 

Optimal solution found (tolerance 1.00e-04)
Best objective 5.207746610000e+03, best bound 5.207746610000e+03, gap 0.0000%
Gurobi Optimizer version 13.0.2 build v13.0.2rc1 (linux64 - "Ubuntu 24.04.3 LTS")

CPU model: 13th Gen Intel(R) Core(TM) i5-13420H, instruction set [SSE2|AVX|AVX2]
Thread count: 6 physical cores, 12 logical processors, using up to 12 threads

Academic license 2835792 - for non-commercial use only - registered to da___@studenti.unipd.it
Optimize a model with 6735 rows, 9000 columns and 54060 nonzeros (Max)
Model fingerprint: 0x98c5f031
Model has 75 linear objective coefficients
Variable types: 1500 continuous, 7500 integer (7500 binary)
Coefficient statistics:
  Matrix range     [1e-01, 3e+02]
  Objective range  [1e+00, 1e+00]
  Bounds range     [1e+00, 1e+00]
  RHS range        [2e+01, 7e+02]

Found heuristic solution: objective 5042.9951318
Presolve removed 6735 rows and 9000 columns
Presolve time: 0.02s
Presolve: All rows and columns removed

Explored 0 nodes (0 simplex iterations) in 0.04 seconds (0.02 work units)
Thread count was 1 (of 12 available processors)

Solution count 2: 5207.75 5043 

Optimal solution found (tolerance 1.00e-04)
Best objective 5.207746610000e+03, best bound 5.207746610000e+03, gap 0.0000%
